66.249.66.141 - - [13/Feb/2022:13:08:28 +0100] "GET /wp-content/uploads/2015/01/1500x800p100-Xxplosive-H-500x500.jpg HTTP/1.1" 304 - "-" "Googlebot-Image/1.0"
66.249.66.139 - - [13/Feb/2022:13:09:24 +0100] "GET /wp-content/uploads/2014/09/disco-5-500x500.jpg HTTP/1.1" 200 53434 "-" "Googlebot-Image/1.0"
173.201.178.186 - - [13/Feb/2022:13:10:26 +0100] "POST /xmlrpc.php HTTP/1.1" 200 230 "-" "Mozilla/5.0 (X11; Ubuntu; Linux x86_64; rv:62.0) Gecko/20100101 Firefox/62.0"
66.249.66.141 - - [13/Feb/2022:13:11:17 +0100] "GET /wp-content/uploads/2015/01/1500x800p100-Xxplosive-situ3-500x500.jpg HTTP/1.1" 200 102356 "-" "Googlebot-Image/1.0"
66.249.66.139 - - [13/Feb/2022:13:16:54 +0100] "GET /wp-content/uploads/2014/09/disco-1-500x500.jpg HTTP/1.1" 304 - "-" "Googlebot-Image/1.0"
185.2.4.29 - - [13/Feb/2022:13:20:18 +0100] "POST /wp-cron.php?doing_wp_cron=1644754818.4445009231567382812500 HTTP/1.1" 200 - "http://www.plexiplay.fr/wp-cron.php?doing_wp_cron=1644754818.4445009231567382812500" "WordPress/4.9.19; http://www.plexiplay.fr"
51.222.253.3 - - [13/Feb/2022:13:20:17 +0100] "GET /robots.txt HTTP/1.1" 200 69 "-" "Mozilla/5.0 (compatible; AhrefsBot/7.0; +http://ahrefs.com/robot/)"
54.36.149.73 - - [13/Feb/2022:13:20:19 +0100] "GET / HTTP/1.1" 200 19577 "-" "Mozilla/5.0 (compatible; AhrefsBot/7.0; +http://ahrefs.com/robot/)"
40.77.167.99 - - [13/Feb/2022:13:22:47 +0100] "GET /robots.txt HTTP/1.1" 200 69 "-" "Mozilla/5.0 (compatible; bingbot/2.0; +http://www.bing.com/bingbot.htm)"
40.77.167.34 - - [13/Feb/2022:13:22:59 +0100] "GET /wp-content/uploads/2014/03/1782400_489496131172936_1912097449_o-300x200.jpg HTTP/1.1" 200 16616 "-" "Mozilla/5.0 (compatible; bingbot/2.0; +http://www.bing.com/bingbot.htm)"
185.2.4.29 - - [13/Feb/2022:13:27:33 +0100] "POST /wp-cron.php?doing_wp_cron=1644755253.1809198856353759765625 HTTP/1.1" 200 - "http://www.plexiplay.fr/wp-cron.php?doing_wp_cron=1644755253.1809198856353759765625" "WordPress/4.9.19; http://www.plexiplay.fr"
66.249.66.137 - - [13/Feb/2022:13:27:32 +0100] "GET /boutique/herve-arduini/tableaux-sexy/evantail-argent/ HTTP/1.1" 200 13777 "-" "Mozilla/5.0 (compatible; Googlebot/2.1; +http://www.google.com/bot.html)"
66.249.66.137 - - [13/Feb/2022:13:27:40 +0100] "POST /boutique/herve-arduini/tableaux-sexy/evantail-argent/?wc-ajax=get_refreshed_fragments HTTP/1.1" 200 182 "http://www.plexiplay.fr/boutique/herve-arduini/tableaux-sexy/evantail-argent/" "Mozilla/5.0 AppleWebKit/537.36 (KHTML, like Gecko; compatible; Googlebot/2.1; +http://www.google.com/bot.html) Chrome/97.0.4692.71 Safari/537.36"
216.158.230.167 - - [13/Feb/2022:13:32:52 +0100] "POST /xmlrpc.php HTTP/1.1" 200 230 "-" "Mozilla/5.0 (X11; Ubuntu; Linux x86_64; rv:62.0) Gecko/20100101 Firefox/62.0"
40.77.167.34 - - [13/Feb/2022:13:36:59 +0100] "GET /wp-content/uploads/2014/09/moon1-300x300.jpg HTTP/1.1" 200 47030 "-" "Mozilla/5.0 (compatible; bingbot/2.0; +http://www.bing.com/bingbot.htm)"
66.249.66.137 - - [13/Feb/2022:13:39:58 +0100] "GET /wp-content/uploads/2014/09/Evantail-or-1-580x309.jpg HTTP/1.1" 200 64227 "-" "Googlebot-Image/1.0"
185.2.4.29 - - [13/Feb/2022:13:50:15 +0100] "POST /wp-cron.php?doing_wp_cron=1644756615.9277710914611816406250 HTTP/1.1" 200 - "http://www.plexiplay.fr/wp-cron.php?doing_wp_cron=1644756615.9277710914611816406250" "WordPress/4.9.19; http://www.plexiplay.fr"
66.249.66.139 - - [13/Feb/2022:13:50:15 +0100] "GET /categorie-produit/herve-arduini/tableau-noir-et-blanc/ HTTP/1.1" 200 9917 "-" "Mozilla/5.0 (Linux; Android 6.0.1; Nexus 5X Build/MMB29P) AppleWebKit/537.36 (KHTML, like Gecko) Chrome/98.0.4758.80 Mobile Safari/537.36 (compatible; Googlebot/2.1; +http://www.google.com/bot.html)"
66.249.66.137 - - [13/Feb/2022:13:53:02 +0100] "POST /categorie-produit/herve-arduini/tableau-noir-et-blanc/?wc-ajax=get_refreshed_fragments HTTP/1.1" 200 182 "http://www.plexiplay.fr/categorie-produit/herve-arduini/tableau-noir-et-blanc/" "Mozilla/5.0 (Linux; Android 6.0.1; Nexus 5X Build/MMB29P) AppleWebKit/537.36 (KHTML, like Gecko) Chrome/97.0.4692.71 Mobile Safari/537.36 (compatible; Googlebot/2.1; +http://www.google.com/bot.html)"
184.168.96.164 - - [13/Feb/2022:13:55:19 +0100] "POST /xmlrpc.php HTTP/1.1" 200 230 "-" "Mozilla/5.0 (X11; Ubuntu; Linux x86_64; rv:62.0) Gecko/20100101 Firefox/62.0"
66.249.66.208 - - [13/Feb/2022:14:01:18 +0100] "GET /robots.txt HTTP/1.1" 200 69 "-" "Mozilla/5.0 (compatible; Googlebot/2.1; +http://www.google.com/bot.html)"
66.249.66.208 - - [13/Feb/2022:14:01:44 +0100] "GET / HTTP/1.1" 301 - "-" "Mozilla/5.0 (Linux; Android 6.0.1; Nexus 5X Build/MMB29P) AppleWebKit/537.36 (KHTML, like Gecko) Chrome/98.0.4758.80 Mobile Safari/537.36 (compatible; Googlebot/2.1; +http://www.google.com/bot.html)"
186.64.114.80 - - [13/Feb/2022:14:01:48 +0100] "POST /xmlrpc.php HTTP/1.1" 200 230 "-" "Mozilla/5.0 (X11; Ubuntu; Linux x86_64; rv:62.0) Gecko/20100101 Firefox/62.0"
66.249.66.141 - - [13/Feb/2022:14:02:15 +0100] "GET / HTTP/1.1" 200 19475 "-" "Mozilla/5.0 (Linux; Android 6.0.1; Nexus 5X Build/MMB29P) AppleWebKit/537.36 (KHTML, like Gecko) Chrome/98.0.4758.80 Mobile Safari/537.36 (compatible; Googlebot/2.1; +http://www.google.com/bot.html)"
184.168.103.64 - - [13/Feb/2022:14:17:43 +0100] "POST /xmlrpc.php HTTP/1.1" 200 230 "-" "Mozilla/5.0 (X11; Ubuntu; Linux x86_64; rv:62.0) Gecko/20100101 Firefox/62.0"
185.2.4.29 - - [13/Feb/2022:14:21:50 +0100] "POST /wp-cron.php?doing_wp_cron=1644758510.8776960372924804687500 HTTP/1.1" 200 - "http://www.plexiplay.fr/wp-cron.php?doing_wp_cron=1644758510.8776960372924804687500" "WordPress/4.9.19; http://www.plexiplay.fr"
54.36.149.2 - - [13/Feb/2022:14:21:50 +0100] "GET /boutique/herve-arduini/tableaux-sexy/evantail-argent/ HTTP/1.1" 200 13771 "-" "Mozilla/5.0 (compatible; AhrefsBot/7.0; +http://ahrefs.com/robot/)"
35.198.25.12 - - [13/Feb/2022:14:24:12 +0100] "POST /xmlrpc.php HTTP/1.1" 200 230 "-" "Mozilla/5.0 (X11; Ubuntu; Linux x86_64; rv:62.0) Gecko/20100101 Firefox/62.0"
20.75.128.100 - - [13/Feb/2022:14:24:43 +0100] "GET / HTTP/1.1" 200 19152 "-" "Mozilla/5.0 (Windows NT 10.0; Win64; x64) AppleWebKit/537.36 (KHTML, like Gecko) Chrome/76.0.3809.100 Safari/537.36"
37.228.136.74 - - [13/Feb/2022:14:40:08 +0100] "POST /xmlrpc.php HTTP/1.1" 200 230 "-" "Mozilla/5.0 (X11; Ubuntu; Linux x86_64; rv:62.0) Gecko/20100101 Firefox/62.0"
188.0.240.248 - - [13/Feb/2022:14:46:35 +0100] "POST /xmlrpc.php HTTP/1.1" 200 230 "-" "Mozilla/5.0 (X11; Ubuntu; Linux x86_64; rv:62.0) Gecko/20100101 Firefox/62.0"
54.36.148.232 - - [13/Feb/2022:14:48:12 +0100] "GET /wishlist/ HTTP/1.1" 200 6740 "-" "Mozilla/5.0 (compatible; AhrefsBot/7.0; +http://ahrefs.com/robot/)"
66.249.66.137 - - [13/Feb/2022:15:01:44 +0100] "GET /wp-content/uploads/2014/09/labimg_580_moon2.jpg HTTP/1.1" 200 26340 "-" "Googlebot-Image/1.0"
185.2.4.29 - - [13/Feb/2022:15:02:31 +0100] "POST /wp-cron.php?doing_wp_cron=1644760951.7064568996429443359375 HTTP/1.1" 200 - "http://www.plexiplay.fr/wp-cron.php?doing_wp_cron=1644760951.7064568996429443359375" "WordPress/4.9.19; http://www.plexiplay.fr"
82.196.10.165 - - [13/Feb/2022:15:02:31 +0100] "POST /xmlrpc.php HTTP/1.1" 200 230 "-" "Mozilla/5.0 (X11; Ubuntu; Linux x86_64; rv:62.0) Gecko/20100101 Firefox/62.0"
66.249.66.139 - - [13/Feb/2022:15:04:43 +0100] "GET /tableau-plexiglas-plexiplay-vu-sur-fr3/ HTTP/1.1" 200 9014 "-" "Mozilla/5.0 (Linux; Android 6.0.1; Nexus 5X Build/MMB29P) AppleWebKit/537.36 (KHTML, like Gecko) Chrome/98.0.4758.80 Mobile Safari/537.36 (compatible; Googlebot/2.1; +http://www.google.com/bot.html)"
194.87.190.39 - - [13/Feb/2022:15:08:54 +0100] "POST /xmlrpc.php HTTP/1.1" 200 230 "-" "Mozilla/5.0 (X11; Ubuntu; Linux x86_64; rv:62.0) Gecko/20100101 Firefox/62.0"
66.249.66.137 - - [13/Feb/2022:15:12:05 +0100] "POST /tableau-plexiglas-plexiplay-vu-sur-fr3/?wc-ajax=get_refreshed_fragments HTTP/1.1" 200 182 "http://www.plexiplay.fr/tableau-plexiglas-plexiplay-vu-sur-fr3/" "Mozilla/5.0 (Linux; Android 6.0.1; Nexus 5X Build/MMB29P) AppleWebKit/537.36 (KHTML, like Gecko) Chrome/97.0.4692.71 Mobile Safari/537.36 (compatible; Googlebot/2.1; +http://www.google.com/bot.html)"
54.36.148.125 - - [13/Feb/2022:15:16:40 +0100] "GET /2015/01/ HTTP/1.1" 200 8070 "-" "Mozilla/5.0 (compatible; AhrefsBot/7.0; +http://ahrefs.com/robot/)"
66.249.66.137 - - [13/Feb/2022:15:19:36 +0100] "GET /post-sitemap.xml HTTP/1.1" 200 2600 "-" "Mozilla/5.0 (compatible; Googlebot/2.1; +http://www.google.com/bot.html)"
185.2.4.29 - - [13/Feb/2022:15:20:20 +0100] "POST /wp-cron.php?doing_wp_cron=1644762020.5292489528656005859375 HTTP/1.1" 200 - "http://www.plexiplay.fr/wp-cron.php?doing_wp_cron=1644762020.5292489528656005859375" "WordPress/4.9.19; http://www.plexiplay.fr"
66.249.66.141 - - [13/Feb/2022:15:20:20 +0100] "GET /boutique/herve-arduini/tableau-diasec/party-night/ HTTP/1.1" 200 13318 "-" "Mozilla/5.0 (Linux; Android 6.0.1; Nexus 5X Build/MMB29P) AppleWebKit/537.36 (KHTML, like Gecko) Chrome/98.0.4758.80 Mobile Safari/537.36 (compatible; Googlebot/2.1; +http://www.google.com/bot.html)"
66.249.66.210 - - [13/Feb/2022:15:21:35 +0100] "GET / HTTP/1.1" 301 - "-" "Mozilla/5.0 (compatible; Googlebot/2.1; +http://www.google.com/bot.html)"
66.249.66.141 - - [13/Feb/2022:15:22:04 +0100] "GET / HTTP/1.1" 200 19403 "-" "Mozilla/5.0 (compatible; Googlebot/2.1; +http://www.google.com/bot.html)"
66.249.66.139 - - [13/Feb/2022:15:22:26 +0100] "POST /boutique/herve-arduini/tableau-diasec/party-night/?wc-ajax=get_refreshed_fragments HTTP/1.1" 200 182 "http://www.plexiplay.fr/boutique/herve-arduini/tableau-diasec/party-night/" "Mozilla/5.0 (Linux; Android 6.0.1; Nexus 5X Build/MMB29P) AppleWebKit/537.36 (KHTML, like Gecko) Chrome/97.0.4692.71 Mobile Safari/537.36 (compatible; Googlebot/2.1; +http://www.google.com/bot.html)"
167.71.102.17 - - [13/Feb/2022:15:24:48 +0100] "POST /xmlrpc.php HTTP/1.1" 200 230 "-" "Mozilla/5.0 (X11; Ubuntu; Linux x86_64; rv:62.0) Gecko/20100101 Firefox/62.0"
216.244.66.250 - - [13/Feb/2022:15:29:20 +0100] "GET /robots.txt HTTP/1.1" 200 67 "-" "Mozilla/5.0 (compatible; DotBot/1.2; +https://opensiteexplorer.org/dotbot; help@moz.com)"
216.244.66.250 - - [13/Feb/2022:15:33:46 +0100] "GET /wp-content/uploads/2015/04/1500x800p100-EVE.jpg HTTP/1.1" 200 182268 "-" "Mozilla/5.0 (compatible; DotBot/1.2; +https://opensiteexplorer.org/dotbot; help@moz.com)"
216.244.66.250 - - [13/Feb/2022:15:33:57 +0100] "GET /wp-content/uploads/2015/04/1500x800p100-KALI.jpg HTTP/1.1" 200 429655 "-" "Mozilla/5.0 (compatible; DotBot/1.2; +https://opensiteexplorer.org/dotbot; help@moz.com)"
178.62.9.122 - - [13/Feb/2022:15:47:12 +0100] "POST /xmlrpc.php HTTP/1.1" 200 230 "-" "Mozilla/5.0 (X11; Ubuntu; Linux x86_64; rv:62.0) Gecko/20100101 Firefox/62.0"
54.175.74.27 - - [13/Feb/2022:15:47:42 +0100] "GET /robots.txt HTTP/1.1" 200 69 "-" "Mozilla/5.0 (Macintosh; Intel Mac OS X 10_10_1) AppleWebKit/600.1.25 (KHTML, like Gecko) Version/8.0 Safari/600.1.25"
54.175.74.27 - - [13/Feb/2022:15:47:43 +0100] "GET /art-sur-mesure/ HTTP/1.1" 200 13897 "-" "Mozilla/5.0 (Macintosh; Intel Mac OS X 10_10_1) AppleWebKit/600.1.25 (KHTML, like Gecko) Version/8.0 Safari/600.1.25"
185.2.4.29 - - [13/Feb/2022:16:07:10 +0100] "POST /wp-cron.php?doing_wp_cron=1644764830.0882689952850341796875 HTTP/1.1" 200 - "http://www.plexiplay.fr/wp-cron.php?doing_wp_cron=1644764830.0882689952850341796875" "WordPress/4.9.19; http://www.plexiplay.fr"
207.46.13.149 - - [13/Feb/2022:16:07:09 +0100] "GET /livraison/ HTTP/1.1" 200 8582 "-" "Mozilla/5.0 (compatible; bingbot/2.0; +http://www.bing.com/bingbot.htm)"
207.46.13.169 - - [13/Feb/2022:16:07:23 +0100] "GET /wp-content/plugins/js_composer/assets/css/js_composer.css?ver=4.3.3 HTTP/1.1" 200 12014 "-" "Mozilla/5.0 (compatible; bingbot/2.0; +http://www.bing.com/bingbot.htm)"
207.46.13.169 - - [13/Feb/2022:16:07:26 +0100] "GET /wp-content/themes/oxygen/assets/css/oxygen.css HTTP/1.1" 200 64495 "-" "Mozilla/5.0 (compatible; bingbot/2.0; +http://www.bing.com/bingbot.htm)"
207.46.13.149 - - [13/Feb/2022:16:07:28 +0100] "GET /wp-content/plugins/revslider/rs-plugin/css/settings.css?rev=4.5.95&ver=4.9.19 HTTP/1.1" 200 8723 "-" "Mozilla/5.0 (compatible; bingbot/2.0; +http://www.bing.com/bingbot.htm)"
207.46.13.169 - - [13/Feb/2022:16:07:29 +0100] "GET /wp-content/themes/oxygen/assets/js/owl-carousel/owl.theme.css HTTP/1.1" 200 606 "-" "Mozilla/5.0 (compatible; bingbot/2.0; +http://www.bing.com/bingbot.htm)"
40.77.167.17 - - [13/Feb/2022:16:07:30 +0100] "GET /wp-content/plugins/woocommerce/assets/js/frontend/cart-fragments.min.js?ver=2.4.10 HTTP/1.1" 200 605 "-" "Mozilla/5.0 (compatible; bingbot/2.0; +http://www.bing.com/bingbot.htm)"
207.46.13.149 - - [13/Feb/2022:16:07:31 +0100] "GET /wp-content/plugins/woocommerce/assets/js/frontend/add-to-cart.min.js?ver=2.4.10 HTTP/1.1" 200 748 "-" "Mozilla/5.0 (compatible; bingbot/2.0; +http://www.bing.com/bingbot.htm)"
40.77.167.17 - - [13/Feb/2022:16:07:33 +0100] "GET /wp-content/themes/oxygen/assets/js/TweenMax.min.js HTTP/1.1" 200 32237 "-" "Mozilla/5.0 (compatible; bingbot/2.0; +http://www.bing.com/bingbot.htm)"
207.46.13.63 - - [13/Feb/2022:16:07:34 +0100] "GET /wp-content/plugins/woocommerce/assets/js/prettyPhoto/jquery.prettyPhoto.init.min.js?ver=2.4.10 HTTP/1.1" 200 175 "-" "Mozilla/5.0 (compatible; bingbot/2.0; +http://www.bing.com/bingbot.htm)"
207.46.13.149 - - [13/Feb/2022:16:07:34 +0100] "GET /wp-content/plugins/woocommerce/assets/js/frontend/woocommerce.min.js?ver=2.4.10 HTTP/1.1" 200 202 "-" "Mozilla/5.0 (compatible; bingbot/2.0; +http://www.bing.com/bingbot.htm)"
157.55.39.146 - - [13/Feb/2022:16:07:34 +0100] "GET /wp-content/plugins/contact-form-7/includes/js/scripts.js?ver=4.3.1 HTTP/1.1" 200 3217 "-" "Mozilla/5.0 (compatible; bingbot/2.0; +http://www.bing.com/bingbot.htm)"
207.46.13.63 - - [13/Feb/2022:16:07:36 +0100] "GET /wp-content/plugins/yith-woocommerce-wishlist/assets/css/font-awesome.min.css?ver=4.9.19 HTTP/1.1" 200 5443 "-" "Mozilla/5.0 (compatible; bingbot/2.0; +http://www.bing.com/bingbot.htm)"
40.77.167.17 - - [13/Feb/2022:16:07:36 +0100] "GET /wp-includes/js/jquery/jquery-migrate.min.js?ver=1.4.1 HTTP/1.1" 200 4014 "-" "Mozilla/5.0 (compatible; bingbot/2.0; +http://www.bing.com/bingbot.htm)"
157.55.39.146 - - [13/Feb/2022:16:07:36 +0100] "GET /wp-content/plugins/duracelltomi-google-tag-manager/js/gtm4wp-form-move-tracker.js?ver=1.0 HTTP/1.1" 200 343 "-" "Mozilla/5.0 (compatible; bingbot/2.0; +http://www.bing.com/bingbot.htm)"
207.46.13.149 - - [13/Feb/2022:16:07:37 +0100] "GET /wp-content/plugins/woocommerce/assets/js/prettyPhoto/jquery.prettyPhoto.min.js?ver=3.1.5 HTTP/1.1" 200 5859 "-" "Mozilla/5.0 (compatible; bingbot/2.0; +http://www.bing.com/bingbot.htm)"
40.77.167.34 - - [13/Feb/2022:16:07:38 +0100] "GET /wp-content/plugins/contact-form-7/includes/js/jquery.form.min.js?ver=3.51.0-2014.06.20 HTTP/1.1" 200 5860 "-" "Mozilla/5.0 (compatible; bingbot/2.0; +http://www.bing.com/bingbot.htm)"
207.46.13.63 - - [13/Feb/2022:16:07:39 +0100] "GET /wp-content/plugins/yith-woocommerce-wishlist/assets/js/jquery.yith-wcwl.js?ver=2.0 HTTP/1.1" 200 2630 "-" "Mozilla/5.0 (compatible; bingbot/2.0; +http://www.bing.com/bingbot.htm)"
157.55.39.146 - - [13/Feb/2022:16:07:39 +0100] "GET /wp-content/plugins/js_composer/assets/js/js_composer_front.js?ver=4.3.3 HTTP/1.1" 200 6149 "-" "Mozilla/5.0 (compatible; bingbot/2.0; +http://www.bing.com/bingbot.htm)"
207.46.13.149 - - [13/Feb/2022:16:07:40 +0100] "GET /wp-content/plugins/yith-woocommerce-wishlist/assets/css/style.css?ver=4.9.19 HTTP/1.1" 200 2796 "-" "Mozilla/5.0 (compatible; bingbot/2.0; +http://www.bing.com/bingbot.htm)"
40.77.167.34 - - [13/Feb/2022:16:07:41 +0100] "GET /wp-content/plugins/yith-woocommerce-wishlist/assets/css/jquery.selectBox.css?ver=4.9.19 HTTP/1.1" 200 1027 "-" "Mozilla/5.0 (compatible; bingbot/2.0; +http://www.bing.com/bingbot.htm)"
207.46.13.63 - - [13/Feb/2022:16:07:42 +0100] "GET /wp-content/themes/oxygen/assets/css/bootstrap.css HTTP/1.1" 200 18084 "-" "Mozilla/5.0 (compatible; bingbot/2.0; +http://www.bing.com/bingbot.htm)"
157.55.39.146 - - [13/Feb/2022:16:07:42 +0100] "GET /wp-content/plugins/revslider/rs-plugin/js/jquery.themepunch.tools.min.js?rev=4.5.95&ver=4.9.19 HTTP/1.1" 200 31866 "-" "Mozilla/5.0 (compatible; bingbot/2.0; +http://www.bing.com/bingbot.htm)"
40.77.167.34 - - [13/Feb/2022:16:07:44 +0100] "GET /wp-content/themes/oxygen/assets/css/responsive.css HTTP/1.1" 200 1948 "-" "Mozilla/5.0 (compatible; bingbot/2.0; +http://www.bing.com/bingbot.htm)"
207.46.13.63 - - [13/Feb/2022:16:07:45 +0100] "GET /wp-content/themes/oxygen/assets/fonts/entypo/css/fontello.css HTTP/1.1" 200 3670 "-" "Mozilla/5.0 (compatible; bingbot/2.0; +http://www.bing.com/bingbot.htm)"
157.55.39.146 - - [13/Feb/2022:16:07:45 +0100] "GET /wp-content/themes/oxygen/assets/js/owl-carousel/owl.carousel.css HTTP/1.1" 200 528 "-" "Mozilla/5.0 (compatible; bingbot/2.0; +http://www.bing.com/bingbot.htm)"
40.77.167.34 - - [13/Feb/2022:16:07:47 +0100] "GET /wp-content/themes/oxygen/assets/js/bootstrap.min.js HTTP/1.1" 200 7289 "-" "Mozilla/5.0 (compatible; bingbot/2.0; +http://www.bing.com/bingbot.htm)"
157.55.39.146 - - [13/Feb/2022:16:07:48 +0100] "GET /wp-content/themes/oxygen/assets/js/oxygen-custom.js HTTP/1.1" 200 9133 "-" "Mozilla/5.0 (compatible; bingbot/2.0; +http://www.bing.com/bingbot.htm)"
40.77.167.34 - - [13/Feb/2022:16:07:50 +0100] "GET /wp-content/themes/oxygen/assets/js/joinable.js HTTP/1.1" 200 29216 "-" "Mozilla/5.0 (compatible; bingbot/2.0; +http://www.bing.com/bingbot.htm)"
40.77.167.34 - - [13/Feb/2022:16:07:53 +0100] "GET /wp-content/themes/oxygen/style.css HTTP/1.1" 200 756 "-" "Mozilla/5.0 (compatible; bingbot/2.0; +http://www.bing.com/bingbot.htm)"
40.77.167.34 - - [13/Feb/2022:16:07:56 +0100] "GET /wp-includes/js/jquery/jquery.js?ver=1.12.4 HTTP/1.1" 200 33776 "-" "Mozilla/5.0 (compatible; bingbot/2.0; +http://www.bing.com/bingbot.htm)"
40.77.167.34 - - [13/Feb/2022:16:07:59 +0100] "GET /wp-includes/js/wp-emoji-release.min.js?ver=4.9.19 HTTP/1.1" 200 4347 "-" "Mozilla/5.0 (compatible; bingbot/2.0; +http://www.bing.com/bingbot.htm)"
206.189.6.60 - - [13/Feb/2022:16:09:57 +0100] "POST /xmlrpc.php HTTP/1.1" 200 230 "-" "Mozilla/5.0 (X11; Ubuntu; Linux x86_64; rv:62.0) Gecko/20100101 Firefox/62.0"
23.226.120.90 - - [13/Feb/2022:16:16:04 +0100] "POST /xmlrpc.php HTTP/1.1" 200 230 "-" "Mozilla/5.0 (X11; Ubuntu; Linux x86_64; rv:62.0) Gecko/20100101 Firefox/62.0"
40.77.167.34 - - [13/Feb/2022:16:16:25 +0100] "GET /wp-content/uploads/2015/02/labimg_72_72_1_Philippe_polaroid2.jpg HTTP/1.1" 200 2782 "-" "Mozilla/5.0 (compatible; bingbot/2.0; +http://www.bing.com/bingbot.htm)"
207.46.13.63 - - [13/Feb/2022:16:17:35 +0100] "GET /wp-content/themes/oxygen/assets/fonts/glyphicons-halflings-regular.ttf HTTP/1.1" 200 23293 "-" "Mozilla/5.0 (compatible; bingbot/2.0; +http://www.bing.com/bingbot.htm)"
207.46.13.63 - - [13/Feb/2022:16:17:37 +0100] "GET /wp-content/themes/oxygen/assets/fonts/glyphicons-halflings-regular.woff HTTP/1.1" 200 23090 "-" "Mozilla/5.0 (compatible; bingbot/2.0; +http://www.bing.com/bingbot.htm)"
40.77.188.152 - - [13/Feb/2022:16:23:23 +0100] "GET /wp-content/themes/oxygen/assets/js/owl-carousel/owl.carousel.min.js HTTP/1.1" 200 23890 "-" "Mozilla/5.0 (Windows NT 6.1; WOW64) AppleWebKit/534+ (KHTML, like Gecko) BingPreview/1.0b"
185.2.4.29 - - [13/Feb/2022:16:23:24 +0100] "POST /wp-cron.php?doing_wp_cron=1644765804.7888600826263427734375 HTTP/1.1" 200 - "http://www.plexiplay.fr/wp-cron.php?doing_wp_cron=1644765804.7888600826263427734375" "WordPress/4.9.19; http://www.plexiplay.fr"
40.77.188.152 - - [13/Feb/2022:16:23:24 +0100] "GET /livraison/?wc-ajax=get_refreshed_fragments HTTP/1.1" 200 273 "-" "Mozilla/5.0 (Windows NT 6.1; WOW64) AppleWebKit/534+ (KHTML, like Gecko) BingPreview/1.0b"
34.207.75.150 - - [13/Feb/2022:16:24:32 +0100] "GET /wp-content/uploads/2014/11/BOUTONS-FINITIONS-Diasec-plus-250x250.jpg HTTP/1.1" 200 72139 "-" "Mozilla/5.0 (X11; Ubuntu; Linux x86_64; rv:72.0) Gecko/20100101 Firefox/72.0"
142.93.253.189 - - [13/Feb/2022:16:32:01 +0100] "POST /xmlrpc.php HTTP/1.1" 200 230 "-" "Mozilla/5.0 (X11; Ubuntu; Linux x86_64; rv:62.0) Gecko/20100101 Firefox/62.0"
66.249.66.137 - - [13/Feb/2022:16:36:54 +0100] "GET /pa_formats-stand-plus/70-x-70cm-ep-5mm-hd/ HTTP/1.1" 200 7850 "-" "Mozilla/5.0 (Linux; Android 6.0.1; Nexus 5X Build/MMB29P) AppleWebKit/537.36 (KHTML, like Gecko) Chrome/98.0.4758.80 Mobile Safari/537.36 (compatible; Googlebot/2.1; +http://www.google.com/bot.html)"
142.93.43.186 - - [13/Feb/2022:16:38:36 +0100] "POST /xmlrpc.php HTTP/1.1" 200 230 "-" "Mozilla/5.0 (X11; Ubuntu; Linux x86_64; rv:62.0) Gecko/20100101 Firefox/62.0"
66.249.66.137 - - [13/Feb/2022:16:39:57 +0100] "GET /wp-content/themes/oxygen/assets/js/cbp-grid-gallery/cbp-grid-gallery.js HTTP/1.1" 200 3012 "http://www.plexiplay.fr/pa_formats-stand-plus/70-x-70cm-ep-5mm-hd/" "Mozilla/5.0 (Linux; Android 6.0.1; Nexus 5X Build/MMB29P) AppleWebKit/537.36 (KHTML, like Gecko) Chrome/97.0.4692.71 Mobile Safari/537.36 (compatible; Googlebot/2.1; +http://www.google.com/bot.html)"
66.249.66.139 - - [13/Feb/2022:16:39:57 +0100] "POST /pa_formats-stand-plus/70-x-70cm-ep-5mm-hd/?wc-ajax=get_refreshed_fragments HTTP/1.1" 200 182 "http://www.plexiplay.fr/pa_formats-stand-plus/70-x-70cm-ep-5mm-hd/" "Mozilla/5.0 (Linux; Android 6.0.1; Nexus 5X Build/MMB29P) AppleWebKit/537.36 (KHTML, like Gecko) Chrome/97.0.4692.71 Mobile Safari/537.36 (compatible; Googlebot/2.1; +http://www.google.com/bot.html)"
40.77.167.17 - - [13/Feb/2022:16:49:36 +0100] "GET /boutique/feed/?product_cat=noir-et-blanc HTTP/1.1" 200 1994 "-" "Mozilla/5.0 (compatible; bingbot/2.0; +http://www.bing.com/bingbot.htm)"
3.81.185.32 - - [13/Feb/2022:16:49:44 +0100] "GET /wp-content/uploads/2014/11/LOGO-PLEXIPLAY-DEF-150.jpg HTTP/1.1" 200 63432 "-" "Mozilla/5.0 (X11; Ubuntu; Linux x86_64; rv:72.0) Gecko/20100101 Firefox/72.0"
54.36.148.136 - - [13/Feb/2022:16:52:50 +0100] "GET /mentions-legales/ HTTP/1.1" 200 9799 "-" "Mozilla/5.0 (compatible; AhrefsBot/7.0; +http://ahrefs.com/robot/)"
198.54.126.110 - - [13/Feb/2022:16:54:25 +0100] "POST /xmlrpc.php HTTP/1.1" 200 230 "-" "Mozilla/5.0 (X11; Ubuntu; Linux x86_64; rv:62.0) Gecko/20100101 Firefox/62.0"
185.2.4.29 - - [13/Feb/2022:16:59:52 +0100] "GET /wp-content/uploads/2014/09/IMG_2897-150x150.jpeg HTTP/1.0" 200 36693 "-" "-"
185.2.4.29 - - [13/Feb/2022:16:59:52 +0100] "GET /wp-content/uploads/2014/09/SLIDE-Home-HA-1-150x150.jpg HTTP/1.0" 200 22748 "-" "-"
17.121.112.94 - - [13/Feb/2022:16:59:51 +0100] "GET /boutique/ HTTP/1.1" 200 14578 "-" "Mozilla/5.0 (Macintosh; Intel Mac OS X 10_15_5) AppleWebKit/605.1.15 (KHTML, like Gecko) Version/13.1.1 Safari/605.1.15 (Applebot/0.1; +http://www.apple.com/go/applebot)"
184.168.100.133 - - [13/Feb/2022:17:00:51 +0100] "POST /xmlrpc.php HTTP/1.1" 200 230 "-" "Mozilla/5.0 (X11; Ubuntu; Linux x86_64; rv:62.0) Gecko/20100101 Firefox/62.0"
54.36.149.100 - - [13/Feb/2022:17:01:52 +0100] "GET /2014/03/ HTTP/1.1" 200 7823 "-" "Mozilla/5.0 (compatible; AhrefsBot/7.0; +http://ahrefs.com/robot/)"
66.249.66.141 - - [13/Feb/2022:17:03:05 +0100] "GET /pa_formats-finitions/200-x-100cm-ep-10mm-diasec/ HTTP/1.1" 200 7748 "-" "Mozilla/5.0 (Linux; Android 6.0.1; Nexus 5X Build/MMB29P) AppleWebKit/537.36 (KHTML, like Gecko) Chrome/98.0.4758.80 Mobile Safari/537.36 (compatible; Googlebot/2.1; +http://www.google.com/bot.html)"
66.249.66.139 - - [13/Feb/2022:17:03:14 +0100] "POST /pa_formats-finitions/200-x-100cm-ep-10mm-diasec/?wc-ajax=get_refreshed_fragments HTTP/1.1" 200 182 "http://www.plexiplay.fr/pa_formats-finitions/200-x-100cm-ep-10mm-diasec/" "Mozilla/5.0 (Linux; Android 6.0.1; Nexus 5X Build/MMB29P) AppleWebKit/537.36 (KHTML, like Gecko) Chrome/97.0.4692.71 Mobile Safari/537.36 (compatible; Googlebot/2.1; +http://www.google.com/bot.html)"
66.249.66.137 - - [13/Feb/2022:17:07:10 +0100] "GET /wp-content/uploads/2015/01/1500x800p100-Virginia-detail-500x500.jpg HTTP/1.1" 304 - "-" "Googlebot-Image/1.0"
185.2.4.29 - - [13/Feb/2022:17:08:27 +0100] "POST /wp-cron.php?doing_wp_cron=1644768507.7300739288330078125000 HTTP/1.1" 200 - "http://www.plexiplay.fr/wp-cron.php?doing_wp_cron=1644768507.7300739288330078125000" "WordPress/4.9.19; http://www.plexiplay.fr"
185.181.60.12 - - [13/Feb/2022:17:08:27 +0100] "GET / HTTP/1.1" 301 - "-" "Mozilla/5.0 (Windows NT 10.0; Win64; x64) AppleWebKit/537.36 (KHTML, like Gecko) Chrome/91.0.4472.114 Safari/537.36 Edg/91.0.864.54"
185.181.60.12 - - [13/Feb/2022:17:08:28 +0100] "GET / HTTP/1.1" 200 19351 "-" "Mozilla/5.0 (Windows NT 10.0; Win64; x64) AppleWebKit/537.36 (KHTML, like Gecko) Chrome/91.0.4472.114 Safari/537.36 Edg/91.0.864.54"
54.36.148.64 - - [13/Feb/2022:17:11:33 +0100] "GET /2013/10/ HTTP/1.1" 200 8605 "-" "Mozilla/5.0 (compatible; AhrefsBot/7.0; +http://ahrefs.com/robot/)"
37.187.78.120 - - [13/Feb/2022:17:15:23 +0100] "POST /wp-login.php HTTP/1.1" 200 1579 "-" "Mozilla/5.0 (Windows NT 10.0; WOW64) AppleWebKit/537.36 (KHTML, like Gecko) Chrome/46.0.2490.86 Safari/537.36"
18.117.168.250 - - [13/Feb/2022:17:15:26 +0100] "GET /.env HTTP/1.1" 301 - "-" "Mozilla/5.0 (Macintosh; Intel Mac OS X 10.15; rv:77.0) Gecko/20100101 Firefox/77.0"
18.117.168.250 - - [13/Feb/2022:17:15:27 +0100] "GET /.env HTTP/1.1" 404 5016 "-" "Mozilla/5.0 (Macintosh; Intel Mac OS X 10.15; rv:77.0) Gecko/20100101 Firefox/77.0"
18.117.168.250 - - [13/Feb/2022:17:15:28 +0100] "GET /wp-content/ HTTP/1.1" 200 - "-" "Mozilla/5.0 (Macintosh; Intel Mac OS X 10.15; rv:77.0) Gecko/20100101 Firefox/77.0"
207.46.13.149 - - [13/Feb/2022:17:17:35 +0100] "GET /wp-content/uploads/2015/01/Desir-detail-4-tableau-Plexiplay.jpg HTTP/1.1" 200 339376 "-" "Mozilla/5.0 (compatible; bingbot/2.0; +http://www.bing.com/bingbot.htm)"
66.249.66.141 - - [13/Feb/2022:17:21:34 +0100] "GET /wp-content/uploads/2014/09/disco-3-500x500.jpg HTTP/1.1" 200 119294 "-" "Googlebot-Image/1.0"
185.2.4.29 - - [13/Feb/2022:17:21:38 +0100] "POST /wp-cron.php?doing_wp_cron=1644769298.1944050788879394531250 HTTP/1.1" 200 - "http://www.plexiplay.fr/wp-cron.php?doing_wp_cron=1644769298.1944050788879394531250" "WordPress/4.9.19; http://www.plexiplay.fr"
54.36.149.2 - - [13/Feb/2022:17:21:37 +0100] "GET /comments/feed/ HTTP/1.1" 200 443 "-" "Mozilla/5.0 (compatible; AhrefsBot/7.0; +http://ahrefs.com/robot/)"
185.49.20.78 - - [13/Feb/2022:17:29:26 +0100] "POST /wp-login.php HTTP/1.1" 200 1579 "-" "Mozilla/5.0 (Windows NT 10.0; Win64; x64) AppleWebKit/537.36 (KHTML, like Gecko) Chrome/70.0.3538.67 Safari/537.36"
68.183.139.84 - - [13/Feb/2022:17:33:31 +0100] "POST /wp-login.php HTTP/1.1" 200 1555 "-" "Mozilla/5.0 (Windows NT 6.1; WOW64) AppleWebKit/537.36 (KHTML, like Gecko) Chrome/47.0.2526.111 Safari/537.36 MVisionPlayer/1.0.0.0"
185.191.171.18 - - [13/Feb/2022:17:33:32 +0100] "GET /pa_formats-finitions-vip/120-x-70-5cm-ep-6mm-hd/ HTTP/1.1" 200 7786 "-" "Mozilla/5.0 (compatible; SemrushBot/7~bl; +http://www.semrush.com/bot.html)"
66.249.66.141 - - [13/Feb/2022:17:39:58 +0100] "GET /wp-content/uploads/2014/09/disco-2-500x500.jpg HTTP/1.1" 200 67411 "-" "Googlebot-Image/1.0"
54.36.148.44 - - [13/Feb/2022:17:41:50 +0100] "GET /2014/10/ HTTP/1.1" 200 8789 "-" "Mozilla/5.0 (compatible; AhrefsBot/7.0; +http://ahrefs.com/robot/)"
185.49.20.76 - - [13/Feb/2022:17:49:48 +0100] "POST /wp-login.php HTTP/1.1" 200 1579 "-" "Mozilla/5.0 (Windows NT 6.3; Win64; x64) AppleWebKit/537.36 (KHTML, like Gecko) Chrome/62.0.3202.94 Safari/537.36"
66.249.66.141 - - [13/Feb/2022:17:53:12 +0100] "GET / HTTP/1.1" 200 19418 "-" "Mozilla/5.0 (Linux; Android 6.0.1; Nexus 5X Build/MMB29P) AppleWebKit/537.36 (KHTML, like Gecko) Chrome/98.0.4758.80 Mobile Safari/537.36 (compatible; Googlebot/2.1; +http://www.google.com/bot.html)"
176.142.184.73 - - [13/Feb/2022:17:57:01 +0100] "GET /diasec/ HTTP/1.1" 200 14297 "https://www.google.com/" "Mozilla/5.0 (Windows NT 10.0; Win64; x64) AppleWebKit/537.36 (KHTML, like Gecko) Chrome/98.0.4758.82 Safari/537.36"
176.142.184.73 - - [13/Feb/2022:17:57:02 +0100] "GET /wp-content/plugins/contact-form-7/includes/css/styles.css?ver=4.3.1 HTTP/1.1" 200 469 "http://www.plexiplay.fr/diasec/" "Mozilla/5.0 (Windows NT 10.0; Win64; x64) AppleWebKit/537.36 (KHTML, like Gecko) Chrome/98.0.4758.82 Safari/537.36"
176.142.184.73 - - [13/Feb/2022:17:57:02 +0100] "GET /wp-content/plugins/revslider/rs-plugin/css/settings.css?rev=4.5.95&ver=4.9.19 HTTP/1.1" 200 8723 "http://www.plexiplay.fr/diasec/" "Mozilla/5.0 (Windows NT 10.0; Win64; x64) AppleWebKit/537.36 (KHTML, like Gecko) Chrome/98.0.4758.82 Safari/537.36"
176.142.184.73 - - [13/Feb/2022:17:57:02 +0100] "GET /wp-content/plugins/woocommerce/assets/css/prettyPhoto.css?ver=4.9.19 HTTP/1.1" 200 1926 "http://www.plexiplay.fr/diasec/" "Mozilla/5.0 (Windows NT 10.0; Win64; x64) AppleWebKit/537.36 (KHTML, like Gecko) Chrome/98.0.4758.82 Safari/537.36"
176.142.184.73 - - [13/Feb/2022:17:57:02 +0100] "GET /wp-content/plugins/yith-woocommerce-wishlist/assets/css/jquery.selectBox.css?ver=4.9.19 HTTP/1.1" 200 1027 "http://www.plexiplay.fr/diasec/" "Mozilla/5.0 (Windows NT 10.0; Win64; x64) AppleWebKit/537.36 (KHTML, like Gecko) Chrome/98.0.4758.82 Safari/537.36"
176.142.184.73 - - [13/Feb/2022:17:57:02 +0100] "GET /wp-content/plugins/yith-woocommerce-wishlist/assets/css/style.css?ver=4.9.19 HTTP/1.1" 200 2796 "http://www.plexiplay.fr/diasec/" "Mozilla/5.0 (Windows NT 10.0; Win64; x64) AppleWebKit/537.36 (KHTML, like Gecko) Chrome/98.0.4758.82 Safari/537.36"
176.142.184.73 - - [13/Feb/2022:17:57:02 +0100] "GET /wp-content/plugins/yith-woocommerce-wishlist/assets/css/font-awesome.min.css?ver=4.9.19 HTTP/1.1" 200 5443 "http://www.plexiplay.fr/diasec/" "Mozilla/5.0 (Windows NT 10.0; Win64; x64) AppleWebKit/537.36 (KHTML, like Gecko) Chrome/98.0.4758.82 Safari/537.36"
176.142.184.73 - - [13/Feb/2022:17:57:02 +0100] "GET /wp-content/themes/oxygen/assets/css/bootstrap.css HTTP/1.1" 200 18084 "http://www.plexiplay.fr/diasec/" "Mozilla/5.0 (Windows NT 10.0; Win64; x64) AppleWebKit/537.36 (KHTML, like Gecko) Chrome/98.0.4758.82 Safari/537.36"
176.142.184.73 - - [13/Feb/2022:17:57:02 +0100] "GET /wp-content/themes/oxygen/assets/css/responsive.css HTTP/1.1" 200 1948 "http://www.plexiplay.fr/diasec/" "Mozilla/5.0 (Windows NT 10.0; Win64; x64) AppleWebKit/537.36 (KHTML, like Gecko) Chrome/98.0.4758.82 Safari/537.36"
176.142.184.73 - - [13/Feb/2022:17:57:02 +0100] "GET /wp-content/themes/oxygen/assets/fonts/entypo/css/fontello.css HTTP/1.1" 200 3670 "http://www.plexiplay.fr/diasec/" "Mozilla/5.0 (Windows NT 10.0; Win64; x64) AppleWebKit/537.36 (KHTML, like Gecko) Chrome/98.0.4758.82 Safari/537.36"
176.142.184.73 - - [13/Feb/2022:17:57:02 +0100] "GET /wp-content/themes/oxygen/style.css HTTP/1.1" 200 756 "http://www.plexiplay.fr/diasec/" "Mozilla/5.0 (Windows NT 10.0; Win64; x64) AppleWebKit/537.36 (KHTML, like Gecko) Chrome/98.0.4758.82 Safari/537.36"
176.142.184.73 - - [13/Feb/2022:17:57:02 +0100] "GET /wp-content/plugins/js_composer/assets/css/js_composer.css?ver=4.3.3 HTTP/1.1" 200 12014 "http://www.plexiplay.fr/diasec/" "Mozilla/5.0 (Windows NT 10.0; Win64; x64) AppleWebKit/537.36 (KHTML, like Gecko) Chrome/98.0.4758.82 Safari/537.36"
176.142.184.73 - - [13/Feb/2022:17:57:02 +0100] "GET /wp-content/uploads/js_composer/custom.css?ver=4.3.3 HTTP/1.1" 200 - "http://www.plexiplay.fr/diasec/" "Mozilla/5.0 (Windows NT 10.0; Win64; x64) AppleWebKit/537.36 (KHTML, like Gecko) Chrome/98.0.4758.82 Safari/537.36"
176.142.184.73 - - [13/Feb/2022:17:57:02 +0100] "GET /wp-includes/js/jquery/jquery-migrate.min.js?ver=1.4.1 HTTP/1.1" 200 4014 "http://www.plexiplay.fr/diasec/" "Mozilla/5.0 (Windows NT 10.0; Win64; x64) AppleWebKit/537.36 (KHTML, like Gecko) Chrome/98.0.4758.82 Safari/537.36"
176.142.184.73 - - [13/Feb/2022:17:57:02 +0100] "GET /wp-content/plugins/revslider/rs-plugin/js/jquery.themepunch.tools.min.js?rev=4.5.95&ver=4.9.19 HTTP/1.1" 200 31866 "http://www.plexiplay.fr/diasec/" "Mozilla/5.0 (Windows NT 10.0; Win64; x64) AppleWebKit/537.36 (KHTML, like Gecko) Chrome/98.0.4758.82 Safari/537.36"
176.142.184.73 - - [13/Feb/2022:17:57:02 +0100] "GET /wp-content/plugins/revslider/rs-plugin/js/jquery.themepunch.revolution.min.js?rev=4.5.95&ver=4.9.19 HTTP/1.1" 200 24114 "http://www.plexiplay.fr/diasec/" "Mozilla/5.0 (Windows NT 10.0; Win64; x64) AppleWebKit/537.36 (KHTML, like Gecko) Chrome/98.0.4758.82 Safari/537.36"
176.142.184.73 - - [13/Feb/2022:17:57:02 +0100] "GET /wp-content/themes/oxygen/assets/css/oxygen.css HTTP/1.1" 200 64495 "http://www.plexiplay.fr/diasec/" "Mozilla/5.0 (Windows NT 10.0; Win64; x64) AppleWebKit/537.36 (KHTML, like Gecko) Chrome/98.0.4758.82 Safari/537.36"
176.142.184.73 - - [13/Feb/2022:17:57:02 +0100] "GET /wp-content/plugins/duracelltomi-google-tag-manager/js/gtm4wp-contact-form-7-tracker.js?ver=1.0 HTTP/1.1" 200 163 "http://www.plexiplay.fr/diasec/" "Mozilla/5.0 (Windows NT 10.0; Win64; x64) AppleWebKit/537.36 (KHTML, like Gecko) Chrome/98.0.4758.82 Safari/537.36"
176.142.184.73 - - [13/Feb/2022:17:57:02 +0100] "GET /wp-includes/js/jquery/jquery.js?ver=1.12.4 HTTP/1.1" 200 33776 "http://www.plexiplay.fr/diasec/" "Mozilla/5.0 (Windows NT 10.0; Win64; x64) AppleWebKit/537.36 (KHTML, like Gecko) Chrome/98.0.4758.82 Safari/537.36"
176.142.184.73 - - [13/Feb/2022:17:57:02 +0100] "GET /wp-content/plugins/duracelltomi-google-tag-manager/js/gtm4wp-form-move-tracker.js?ver=1.0 HTTP/1.1" 200 343 "http://www.plexiplay.fr/diasec/" "Mozilla/5.0 (Windows NT 10.0; Win64; x64) AppleWebKit/537.36 (KHTML, like Gecko) Chrome/98.0.4758.82 Safari/537.36"
176.142.184.73 - - [13/Feb/2022:17:57:02 +0100] "GET /wp-content/themes/oxygen/assets/js/owl-carousel/owl.carousel.css HTTP/1.1" 200 528 "http://www.plexiplay.fr/diasec/" "Mozilla/5.0 (Windows NT 10.0; Win64; x64) AppleWebKit/537.36 (KHTML, like Gecko) Chrome/98.0.4758.82 Safari/537.36"
176.142.184.73 - - [13/Feb/2022:17:57:02 +0100] "GET /wp-content/themes/oxygen/assets/js/owl-carousel/owl.theme.css HTTP/1.1" 200 606 "http://www.plexiplay.fr/diasec/" "Mozilla/5.0 (Windows NT 10.0; Win64; x64) AppleWebKit/537.36 (KHTML, like Gecko) Chrome/98.0.4758.82 Safari/537.36"
176.142.184.73 - - [13/Feb/2022:17:57:02 +0100] "GET /wp-content/themes/oxygen/assets/js/cbp-grid-gallery/cbp-grid-gallery.css HTTP/1.1" 200 1114 "http://www.plexiplay.fr/diasec/" "Mozilla/5.0 (Windows NT 10.0; Win64; x64) AppleWebKit/537.36 (KHTML, like Gecko) Chrome/98.0.4758.82 Safari/537.36"
176.142.184.73 - - [13/Feb/2022:17:57:02 +0100] "GET /wp-content/plugins/contact-form-7/includes/js/jquery.form.min.js?ver=3.51.0-2014.06.20 HTTP/1.1" 200 5860 "http://www.plexiplay.fr/diasec/" "Mozilla/5.0 (Windows NT 10.0; Win64; x64) AppleWebKit/537.36 (KHTML, like Gecko) Chrome/98.0.4758.82 Safari/537.36"
176.142.184.73 - - [13/Feb/2022:17:57:02 +0100] "GET /wp-content/plugins/contact-form-7/includes/js/scripts.js?ver=4.3.1 HTTP/1.1" 200 3217 "http://www.plexiplay.fr/diasec/" "Mozilla/5.0 (Windows NT 10.0; Win64; x64) AppleWebKit/537.36 (KHTML, like Gecko) Chrome/98.0.4758.82 Safari/537.36"
176.142.184.73 - - [13/Feb/2022:17:57:02 +0100] "GET /wp-content/plugins/woocommerce/assets/js/frontend/add-to-cart.min.js?ver=2.4.10 HTTP/1.1" 200 748 "http://www.plexiplay.fr/diasec/" "Mozilla/5.0 (Windows NT 10.0; Win64; x64) AppleWebKit/537.36 (KHTML, like Gecko) Chrome/98.0.4758.82 Safari/537.36"
176.142.184.73 - - [13/Feb/2022:17:57:02 +0100] "GET /wp-content/plugins/woocommerce/assets/js/jquery-blockui/jquery.blockUI.min.js?ver=2.70 HTTP/1.1" 200 3549 "http://www.plexiplay.fr/diasec/" "Mozilla/5.0 (Windows NT 10.0; Win64; x64) AppleWebKit/537.36 (KHTML, like Gecko) Chrome/98.0.4758.82 Safari/537.36"
176.142.184.73 - - [13/Feb/2022:17:57:02 +0100] "GET /wp-content/plugins/woocommerce/assets/js/frontend/woocommerce.min.js?ver=2.4.10 HTTP/1.1" 200 202 "http://www.plexiplay.fr/diasec/" "Mozilla/5.0 (Windows NT 10.0; Win64; x64) AppleWebKit/537.36 (KHTML, like Gecko) Chrome/98.0.4758.82 Safari/537.36"
176.142.184.73 - - [13/Feb/2022:17:57:02 +0100] "GET /wp-content/plugins/woocommerce/assets/js/jquery-cookie/jquery.cookie.min.js?ver=1.4.1 HTTP/1.1" 200 775 "http://www.plexiplay.fr/diasec/" "Mozilla/5.0 (Windows NT 10.0; Win64; x64) AppleWebKit/537.36 (KHTML, like Gecko) Chrome/98.0.4758.82 Safari/537.36"
176.142.184.73 - - [13/Feb/2022:17:57:02 +0100] "GET /wp-content/plugins/woocommerce/assets/js/frontend/cart-fragments.min.js?ver=2.4.10 HTTP/1.1" 200 605 "http://www.plexiplay.fr/diasec/" "Mozilla/5.0 (Windows NT 10.0; Win64; x64) AppleWebKit/537.36 (KHTML, like Gecko) Chrome/98.0.4758.82 Safari/537.36"
176.142.184.73 - - [13/Feb/2022:17:57:02 +0100] "GET /wp-content/uploads/2014/11/LOGO-PLEXIPLAY-DEF-150.jpg HTTP/1.1" 200 63432 "http://www.plexiplay.fr/diasec/" "Mozilla/5.0 (Windows NT 10.0; Win64; x64) AppleWebKit/537.36 (KHTML, like Gecko) Chrome/98.0.4758.82 Safari/537.36"
176.142.184.73 - - [13/Feb/2022:17:57:02 +0100] "GET /wp-content/plugins/woocommerce/assets/js/prettyPhoto/jquery.prettyPhoto.min.js?ver=3.1.5 HTTP/1.1" 200 5859 "http://www.plexiplay.fr/diasec/" "Mozilla/5.0 (Windows NT 10.0; Win64; x64) AppleWebKit/537.36 (KHTML, like Gecko) Chrome/98.0.4758.82 Safari/537.36"
176.142.184.73 - - [13/Feb/2022:17:57:02 +0100] "GET /wp-content/themes/oxygen/assets/fonts/glyphicons-halflings-regular.woff HTTP/1.1" 200 23090 "http://www.plexiplay.fr/wp-content/themes/oxygen/assets/css/bootstrap.css" "Mozilla/5.0 (Windows NT 10.0; Win64; x64) AppleWebKit/537.36 (KHTML, like Gecko) Chrome/98.0.4758.82 Safari/537.36"
176.142.184.73 - - [13/Feb/2022:17:57:02 +0100] "GET /wp-content/uploads/2014/09/bouton1.jpg HTTP/1.1" 200 2546 "http://www.plexiplay.fr/wp-content/themes/oxygen/style.css" "Mozilla/5.0 (Windows NT 10.0; Win64; x64) AppleWebKit/537.36 (KHTML, like Gecko) Chrome/98.0.4758.82 Safari/537.36"
176.142.184.73 - - [13/Feb/2022:17:57:02 +0100] "GET /wp-content/themes/oxygen/assets/images/bucket_bottom.png HTTP/1.1" 200 326 "http://www.plexiplay.fr/wp-content/themes/oxygen/assets/css/oxygen.css" "Mozilla/5.0 (Windows NT 10.0; Win64; x64) AppleWebKit/537.36 (KHTML, like Gecko) Chrome/98.0.4758.82 Safari/537.36"
176.142.184.73 - - [13/Feb/2022:17:57:02 +0100] "GET /wp-content/themes/oxygen/assets/images/cart-icon-1.png HTTP/1.1" 200 761 "http://www.plexiplay.fr/diasec/" "Mozilla/5.0 (Windows NT 10.0; Win64; x64) AppleWebKit/537.36 (KHTML, like Gecko) Chrome/98.0.4758.82 Safari/537.36"
176.142.184.73 - - [13/Feb/2022:17:57:02 +0100] "GET /wp-content/plugins/woocommerce/assets/js/prettyPhoto/jquery.prettyPhoto.init.min.js?ver=2.4.10 HTTP/1.1" 200 175 "http://www.plexiplay.fr/diasec/" "Mozilla/5.0 (Windows NT 10.0; Win64; x64) AppleWebKit/537.36 (KHTML, like Gecko) Chrome/98.0.4758.82 Safari/537.36"
176.142.184.73 - - [13/Feb/2022:17:57:02 +0100] "GET /wp-content/plugins/yith-woocommerce-wishlist/assets/js/jquery.selectBox.min.js?ver=4.9.19 HTTP/1.1" 200 4006 "http://www.plexiplay.fr/diasec/" "Mozilla/5.0 (Windows NT 10.0; Win64; x64) AppleWebKit/537.36 (KHTML, like Gecko) Chrome/98.0.4758.82 Safari/537.36"
176.142.184.73 - - [13/Feb/2022:17:57:02 +0100] "GET /wp-content/plugins/yith-woocommerce-wishlist/assets/js/jquery.yith-wcwl.js?ver=2.0 HTTP/1.1" 200 2630 "http://www.plexiplay.fr/diasec/" "Mozilla/5.0 (Windows NT 10.0; Win64; x64) AppleWebKit/537.36 (KHTML, like Gecko) Chrome/98.0.4758.82 Safari/537.36"
176.142.184.73 - - [13/Feb/2022:17:57:02 +0100] "GET /wp-content/themes/oxygen/assets/js/bootstrap.min.js HTTP/1.1" 200 7289 "http://www.plexiplay.fr/diasec/" "Mozilla/5.0 (Windows NT 10.0; Win64; x64) AppleWebKit/537.36 (KHTML, like Gecko) Chrome/98.0.4758.82 Safari/537.36"
176.142.184.73 - - [13/Feb/2022:17:57:02 +0100] "GET /wp-content/uploads/2014/09/Diasec-plexi-plexi-PINKY1-152x300.jpg HTTP/1.1" 200 54180 "http://www.plexiplay.fr/diasec/" "Mozilla/5.0 (Windows NT 10.0; Win64; x64) AppleWebKit/537.36 (KHTML, like Gecko) Chrome/98.0.4758.82 Safari/537.36"
176.142.184.73 - - [13/Feb/2022:17:57:02 +0100] "GET /wp-content/themes/oxygen/assets/js/TweenMax.min.js HTTP/1.1" 200 32237 "http://www.plexiplay.fr/diasec/" "Mozilla/5.0 (Windows NT 10.0; Win64; x64) AppleWebKit/537.36 (KHTML, like Gecko) Chrome/98.0.4758.82 Safari/537.36"
176.142.184.73 - - [13/Feb/2022:17:57:02 +0100] "GET /wp-content/themes/oxygen/assets/js/joinable.js HTTP/1.1" 200 29216 "http://www.plexiplay.fr/diasec/" "Mozilla/5.0 (Windows NT 10.0; Win64; x64) AppleWebKit/537.36 (KHTML, like Gecko) Chrome/98.0.4758.82 Safari/537.36"
176.142.184.73 - - [13/Feb/2022:17:57:02 +0100] "GET /wp-content/themes/oxygen/assets/js/resizable.js HTTP/1.1" 200 691 "http://www.plexiplay.fr/diasec/" "Mozilla/5.0 (Windows NT 10.0; Win64; x64) AppleWebKit/537.36 (KHTML, like Gecko) Chrome/98.0.4758.82 Safari/537.36"
176.142.184.73 - - [13/Feb/2022:17:57:02 +0100] "GET /wp-includes/js/wp-embed.min.js?ver=4.9.19 HTTP/1.1" 200 739 "http://www.plexiplay.fr/diasec/" "Mozilla/5.0 (Windows NT 10.0; Win64; x64) AppleWebKit/537.36 (KHTML, like Gecko) Chrome/98.0.4758.82 Safari/537.36"
176.142.184.73 - - [13/Feb/2022:17:57:02 +0100] "GET /wp-content/themes/oxygen/assets/js/owl-carousel/owl.carousel.min.js HTTP/1.1" 200 6465 "http://www.plexiplay.fr/diasec/" "Mozilla/5.0 (Windows NT 10.0; Win64; x64) AppleWebKit/537.36 (KHTML, like Gecko) Chrome/98.0.4758.82 Safari/537.36"
176.142.184.73 - - [13/Feb/2022:17:57:02 +0100] "GET /wp-content/plugins/js_composer/assets/js/js_composer_front.js?ver=4.3.3 HTTP/1.1" 200 6149 "http://www.plexiplay.fr/diasec/" "Mozilla/5.0 (Windows NT 10.0; Win64; x64) AppleWebKit/537.36 (KHTML, like Gecko) Chrome/98.0.4758.82 Safari/537.36"
176.142.184.73 - - [13/Feb/2022:17:57:02 +0100] "GET /wp-content/uploads/2014/09/SLIDE-Home-Disco-Ball-pers1.jpg HTTP/1.1" 200 120291 "http://www.plexiplay.fr/diasec/" "Mozilla/5.0 (Windows NT 10.0; Win64; x64) AppleWebKit/537.36 (KHTML, like Gecko) Chrome/98.0.4758.82 Safari/537.36"
176.142.184.73 - - [13/Feb/2022:17:57:02 +0100] "GET /wp-content/themes/oxygen/assets/js/cbp-grid-gallery/cbp-grid-gallery.js HTTP/1.1" 200 3012 "http://www.plexiplay.fr/diasec/" "Mozilla/5.0 (Windows NT 10.0; Win64; x64) AppleWebKit/537.36 (KHTML, like Gecko) Chrome/98.0.4758.82 Safari/537.36"
176.142.184.73 - - [13/Feb/2022:17:57:02 +0100] "GET /wp-content/themes/oxygen/assets/js/cbp-grid-gallery/modernizr.custom.js HTTP/1.1" 200 4084 "http://www.plexiplay.fr/diasec/" "Mozilla/5.0 (Windows NT 10.0; Win64; x64) AppleWebKit/537.36 (KHTML, like Gecko) Chrome/98.0.4758.82 Safari/537.36"
176.142.184.73 - - [13/Feb/2022:17:57:02 +0100] "GET /wp-content/themes/oxygen/assets/js/oxygen-custom.js HTTP/1.1" 200 9133 "http://www.plexiplay.fr/diasec/" "Mozilla/5.0 (Windows NT 10.0; Win64; x64) AppleWebKit/537.36 (KHTML, like Gecko) Chrome/98.0.4758.82 Safari/537.36"
176.142.184.73 - - [13/Feb/2022:17:57:02 +0100] "GET /wp-content/uploads/2014/09/Diasec-plexi-plexi-PINKY1-chassi-alu-113x300.jpg HTTP/1.1" 200 41355 "http://www.plexiplay.fr/diasec/" "Mozilla/5.0 (Windows NT 10.0; Win64; x64) AppleWebKit/537.36 (KHTML, like Gecko) Chrome/98.0.4758.82 Safari/537.36"
176.142.184.73 - - [13/Feb/2022:17:57:02 +0100] "GET /wp-content/uploads/2015/01/1500x800p100-Sensation-rose-500x596.jpg HTTP/1.1" 200 104810 "http://www.plexiplay.fr/diasec/" "Mozilla/5.0 (Windows NT 10.0; Win64; x64) AppleWebKit/537.36 (KHTML, like Gecko) Chrome/98.0.4758.82 Safari/537.36"
176.142.184.73 - - [13/Feb/2022:17:57:02 +0100] "GET /wp-content/uploads/2015/01/Vis-a-Vis-500x596.jpg HTTP/1.1" 200 124077 "http://www.plexiplay.fr/diasec/" "Mozilla/5.0 (Windows NT 10.0; Win64; x64) AppleWebKit/537.36 (KHTML, like Gecko) Chrome/98.0.4758.82 Safari/537.36"
176.142.184.73 - - [13/Feb/2022:17:57:03 +0100] "GET /wp-content/uploads/2015/01/La-Vie-en-Rose-2-tableau-Plexiplay-500x596.jpg HTTP/1.1" 200 101351 "http://www.plexiplay.fr/diasec/" "Mozilla/5.0 (Windows NT 10.0; Win64; x64) AppleWebKit/537.36 (KHTML, like Gecko) Chrome/98.0.4758.82 Safari/537.36"
176.142.184.73 - - [13/Feb/2022:17:57:03 +0100] "GET /wp-content/uploads/2015/01/Desir-2-tableau-Plexiplay-500x596.jpg HTTP/1.1" 200 141273 "http://www.plexiplay.fr/diasec/" "Mozilla/5.0 (Windows NT 10.0; Win64; x64) AppleWebKit/537.36 (KHTML, like Gecko) Chrome/98.0.4758.82 Safari/537.36"
176.142.184.73 - - [13/Feb/2022:17:57:03 +0100] "GET /wp-content/uploads/2015/01/1500x800p100-Sensation-rose-500x500.jpg HTTP/1.1" 200 96956 "http://www.plexiplay.fr/diasec/" "Mozilla/5.0 (Windows NT 10.0; Win64; x64) AppleWebKit/537.36 (KHTML, like Gecko) Chrome/98.0.4758.82 Safari/537.36"
176.142.184.73 - - [13/Feb/2022:17:57:03 +0100] "GET /wp-content/uploads/2015/01/1500x800p100-Xxplosive-V-500x596.jpg HTTP/1.1" 200 77031 "http://www.plexiplay.fr/diasec/" "Mozilla/5.0 (Windows NT 10.0; Win64; x64) AppleWebKit/537.36 (KHTML, like Gecko) Chrome/98.0.4758.82 Safari/537.36"
176.142.184.73 - - [13/Feb/2022:17:57:03 +0100] "GET /wp-content/uploads/2015/01/1500x800p100-Sensation-rose-situ-500x500.jpg HTTP/1.1" 200 102889 "http://www.plexiplay.fr/diasec/" "Mozilla/5.0 (Windows NT 10.0; Win64; x64) AppleWebKit/537.36 (KHTML, like Gecko) Chrome/98.0.4758.82 Safari/537.36"
176.142.184.73 - - [13/Feb/2022:17:57:03 +0100] "GET /wp-content/uploads/2015/01/Vis-a-Vis-500x500.jpg HTTP/1.1" 200 121395 "http://www.plexiplay.fr/diasec/" "Mozilla/5.0 (Windows NT 10.0; Win64; x64) AppleWebKit/537.36 (KHTML, like Gecko) Chrome/98.0.4758.82 Safari/537.36"
176.142.184.73 - - [13/Feb/2022:17:57:03 +0100] "GET /wp-content/uploads/2015/01/Vis-a-Vis-detail2-500x500.jpg HTTP/1.1" 200 94921 "http://www.plexiplay.fr/diasec/" "Mozilla/5.0 (Windows NT 10.0; Win64; x64) AppleWebKit/537.36 (KHTML, like Gecko) Chrome/98.0.4758.82 Safari/537.36"
176.142.184.73 - - [13/Feb/2022:17:57:03 +0100] "GET /wp-content/uploads/2015/01/Sensation-detail-4-tableau-Plexiplay-500x500.jpg HTTP/1.1" 200 93681 "http://www.plexiplay.fr/diasec/" "Mozilla/5.0 (Windows NT 10.0; Win64; x64) AppleWebKit/537.36 (KHTML, like Gecko) Chrome/98.0.4758.82 Safari/537.36"
176.142.184.73 - - [13/Feb/2022:17:57:03 +0100] "GET /wp-content/uploads/2015/01/Vis-a-Vis-detail1-500x500.jpg HTTP/1.1" 200 93911 "http://www.plexiplay.fr/diasec/" "Mozilla/5.0 (Windows NT 10.0; Win64; x64) AppleWebKit/537.36 (KHTML, like Gecko) Chrome/98.0.4758.82 Safari/537.36"
176.142.184.73 - - [13/Feb/2022:17:57:03 +0100] "GET /wp-content/uploads/2015/01/Vis-a-Vis-detail3-500x500.jpg HTTP/1.1" 200 104523 "http://www.plexiplay.fr/diasec/" "Mozilla/5.0 (Windows NT 10.0; Win64; x64) AppleWebKit/537.36 (KHTML, like Gecko) Chrome/98.0.4758.82 Safari/537.36"
176.142.184.73 - - [13/Feb/2022:17:57:03 +0100] "GET /wp-content/uploads/2015/01/1500x800p100-La-Vie-en-Rose-situ2-500x500.jpg HTTP/1.1" 200 93405 "http://www.plexiplay.fr/diasec/" "Mozilla/5.0 (Windows NT 10.0; Win64; x64) AppleWebKit/537.36 (KHTML, like Gecko) Chrome/98.0.4758.82 Safari/537.36"
176.142.184.73 - - [13/Feb/2022:17:57:03 +0100] "GET /wp-content/uploads/2015/01/Vis-a-Vis-situ1-500x500.jpg HTTP/1.1" 200 122612 "http://www.plexiplay.fr/diasec/" "Mozilla/5.0 (Windows NT 10.0; Win64; x64) AppleWebKit/537.36 (KHTML, like Gecko) Chrome/98.0.4758.82 Safari/537.36"
176.142.184.73 - - [13/Feb/2022:17:57:03 +0100] "GET /wp-content/uploads/2015/01/La-Vie-en-Rose-detail-4-tableau-Plexiplay-500x500.jpg HTTP/1.1" 200 91984 "http://www.plexiplay.fr/diasec/" "Mozilla/5.0 (Windows NT 10.0; Win64; x64) AppleWebKit/537.36 (KHTML, like Gecko) Chrome/98.0.4758.82 Safari/537.36"
176.142.184.73 - - [13/Feb/2022:17:57:03 +0100] "GET /wp-content/uploads/2015/01/La-Vie-en-Rose-2-tableau-Plexiplay-500x500.jpg HTTP/1.1" 200 90351 "http://www.plexiplay.fr/diasec/" "Mozilla/5.0 (Windows NT 10.0; Win64; x64) AppleWebKit/537.36 (KHTML, like Gecko) Chrome/98.0.4758.82 Safari/537.36"
176.142.184.73 - - [13/Feb/2022:17:57:04 +0100] "GET /wp-content/themes/oxygen/assets/fonts/entypo/font/fontello.woff?24856993 HTTP/1.1" 200 40314 "http://www.plexiplay.fr/wp-content/themes/oxygen/assets/fonts/entypo/css/fontello.css" "Mozilla/5.0 (Windows NT 10.0; Win64; x64) AppleWebKit/537.36 (KHTML, like Gecko) Chrome/98.0.4758.82 Safari/537.36"
176.142.184.73 - - [13/Feb/2022:17:57:04 +0100] "GET /wp-content/themes/oxygen/assets/images/popup_prev@2x.png HTTP/1.1" 200 1848 "http://www.plexiplay.fr/wp-content/themes/oxygen/assets/js/cbp-grid-gallery/cbp-grid-gallery.css" "Mozilla/5.0 (Windows NT 10.0; Win64; x64) AppleWebKit/537.36 (KHTML, like Gecko) Chrome/98.0.4758.82 Safari/537.36"
176.142.184.73 - - [13/Feb/2022:17:57:04 +0100] "GET /wp-content/themes/oxygen/assets/images/popup_next@2x.png HTTP/1.1" 200 1823 "http://www.plexiplay.fr/wp-content/themes/oxygen/assets/js/cbp-grid-gallery/cbp-grid-gallery.css" "Mozilla/5.0 (Windows NT 10.0; Win64; x64) AppleWebKit/537.36 (KHTML, like Gecko) Chrome/98.0.4758.82 Safari/537.36"
176.142.184.73 - - [13/Feb/2022:17:57:04 +0100] "GET /wp-content/themes/oxygen/assets/images/popup_close@2x.png HTTP/1.1" 200 1274 "http://www.plexiplay.fr/wp-content/themes/oxygen/assets/js/cbp-grid-gallery/cbp-grid-gallery.css" "Mozilla/5.0 (Windows NT 10.0; Win64; x64) AppleWebKit/537.36 (KHTML, like Gecko) Chrome/98.0.4758.82 Safari/537.36"
176.142.184.73 - - [13/Feb/2022:17:57:04 +0100] "GET /wp-content/themes/oxygen/assets/images/next@2x.png HTTP/1.1" 200 2439 "http://www.plexiplay.fr/wp-content/themes/oxygen/assets/css/oxygen.css" "Mozilla/5.0 (Windows NT 10.0; Win64; x64) AppleWebKit/537.36 (KHTML, like Gecko) Chrome/98.0.4758.82 Safari/537.36"
176.142.184.73 - - [13/Feb/2022:17:57:04 +0100] "GET /wp-content/uploads/2015/01/1500x800p100-Xxplosive-V-500x500.jpg HTTP/1.1" 200 70348 "http://www.plexiplay.fr/diasec/" "Mozilla/5.0 (Windows NT 10.0; Win64; x64) AppleWebKit/537.36 (KHTML, like Gecko) Chrome/98.0.4758.82 Safari/537.36"
176.142.184.73 - - [13/Feb/2022:17:57:04 +0100] "GET /wp-content/uploads/2015/01/Desir-2-tableau-Plexiplay-500x500.jpg HTTP/1.1" 200 120670 "http://www.plexiplay.fr/diasec/" "Mozilla/5.0 (Windows NT 10.0; Win64; x64) AppleWebKit/537.36 (KHTML, like Gecko) Chrome/98.0.4758.82 Safari/537.36"
